---
source: src/codegen_tests.rs
expression: compile_both(source)
---
===== JASS =====
globals
    // SoA arrays for type Tuple3_integer_integer_integer
    integer array glass_Tuple3_integer_integer_integer_Tuple3_integer_integer_integer__0
    integer array glass_Tuple3_integer_integer_integer_Tuple3_integer_integer_integer__1
    integer array glass_Tuple3_integer_integer_integer_Tuple3_integer_integer_integer__2
    integer array glass_Tuple3_integer_integer_integer_free
    integer glass_Tuple3_integer_integer_integer_free_top = 0
    integer glass_Tuple3_integer_integer_integer_count = 0
endglobals

function glass_Tuple3_integer_integer_integer_alloc takes nothing returns integer
    local integer id
    if glass_Tuple3_integer_integer_integer_free_top > 0 then
        set glass_Tuple3_integer_integer_integer_free_top = glass_Tuple3_integer_integer_integer_free_top - 1
        set id = glass_Tuple3_integer_integer_integer_free[glass_Tuple3_integer_integer_integer_free_top]
    else
        set glass_Tuple3_integer_integer_integer_count = glass_Tuple3_integer_integer_integer_count + 1
        set id = glass_Tuple3_integer_integer_integer_count
    endif
    return id
endfunction

function glass_Tuple3_integer_integer_integer_dealloc takes integer id returns nothing
    set glass_Tuple3_integer_integer_integer_free[glass_Tuple3_integer_integer_integer_free_top] = id
    set glass_Tuple3_integer_integer_integer_free_top = glass_Tuple3_integer_integer_integer_free_top + 1
endfunction

function glass_new_Tuple3_integer_integer_integer takes integer p__0, integer p__1, integer p__2 returns integer
    local integer id = glass_Tuple3_integer_integer_integer_alloc()
    set glass_Tuple3_integer_integer_integer_Tuple3_integer_integer_integer__0 [id] = p__0
    set glass_Tuple3_integer_integer_integer_Tuple3_integer_integer_integer__1 [id] = p__1
    set glass_Tuple3_integer_integer_integer_Tuple3_integer_integer_integer__2 [id] = p__2
    return id
endfunction

function glass_get_Tuple3_integer_integer_integer_Tuple3_integer_integer_integer__0 takes integer id returns integer
    return glass_Tuple3_integer_integer_integer_Tuple3_integer_integer_integer__0 [id]
endfunction

function glass_get_Tuple3_integer_integer_integer_Tuple3_integer_integer_integer__1 takes integer id returns integer
    return glass_Tuple3_integer_integer_integer_Tuple3_integer_integer_integer__1 [id]
endfunction

function glass_get_Tuple3_integer_integer_integer_Tuple3_integer_integer_integer__2 takes integer id returns integer
    return glass_Tuple3_integer_integer_integer_Tuple3_integer_integer_integer__2 [id]
endfunction

function glass_i2b takes integer i returns boolean
    return i != 0
endfunction

function glass_make takes nothing returns integer
    return glass_new_Tuple3_integer_integer_integer(1, 2, 3)
endfunction

function glass_dispatch_void takes integer glass_closure returns integer
    return 0
endfunction
===== Lua =====
-- Generated by Glass compiler (Lua target)

function glass_make()
    return {1, 2, 3}
end
