---
source: src/parser.rs
expression: parse(source)
---
Module {
    definitions: [
        Type(
            TypeDef {
                is_pub: true,
                name: "Msg",
                type_params: [],
                constructors: [
                    Constructor {
                        name: "Tick",
                        fields: [],
                        span: Span {
                            start: 20,
                            end: 24,
                        },
                    },
                    Constructor {
                        name: "UnitDied",
                        fields: [
                            Field {
                                name: "killer",
                                type_expr: Named {
                                    name: "Player",
                                    args: [],
                                },
                                span: Span {
                                    start: 40,
                                    end: 54,
                                },
                            },
                            Field {
                                name: "bounty",
                                type_expr: Named {
                                    name: "Int",
                                    args: [],
                                },
                                span: Span {
                                    start: 56,
                                    end: 67,
                                },
                            },
                        ],
                        span: Span {
                            start: 29,
                            end: 69,
                        },
                    },
                ],
                is_struct: false,
                span: Span {
                    start: 5,
                    end: 71,
                },
            },
        ),
        Function(
            FnDef {
                is_pub: true,
                is_local: false,
                name: "update",
                params: [
                    Param {
                        name: "model",
                        type_expr: Named {
                            name: "Model",
                            args: [],
                        },
                        span: Span {
                            start: 87,
                            end: 99,
                        },
                    },
                    Param {
                        name: "msg",
                        type_expr: Named {
                            name: "Msg",
                            args: [],
                        },
                        span: Span {
                            start: 101,
                            end: 109,
                        },
                    },
                ],
                return_type: Some(
                    Tuple(
                        [
                            Named {
                                name: "Model",
                                args: [],
                            },
                            Named {
                                name: "List",
                                args: [
                                    Named {
                                        name: "Effect",
                                        args: [
                                            Named {
                                                name: "Msg",
                                                args: [],
                                            },
                                        ],
                                    },
                                ],
                            },
                        ],
                    ),
                ),
                body: Spanned {
                    node: Case {
                        subject: Spanned {
                            node: Var(
                                "msg",
                            ),
                            span: Span {
                                start: 153,
                                end: 156,
                            },
                        },
                        arms: [
                            CaseArm {
                                pattern: Spanned {
                                    node: Constructor {
                                        name: "Msg::Tick",
                                        args: [],
                                    },
                                    span: Span {
                                        start: 167,
                                        end: 170,
                                    },
                                },
                                guard: None,
                                body: Spanned {
                                    node: Tuple(
                                        [
                                            Spanned {
                                                node: Var(
                                                    "model",
                                                ),
                                                span: Span {
                                                    start: 182,
                                                    end: 187,
                                                },
                                            },
                                            Spanned {
                                                node: List(
                                                    [],
                                                ),
                                                span: Span {
                                                    start: 189,
                                                    end: 191,
                                                },
                                            },
                                        ],
                                    ),
                                    span: Span {
                                        start: 180,
                                        end: 192,
                                    },
                                },
                                span: Span {
                                    start: 167,
                                    end: 192,
                                },
                            },
                            CaseArm {
                                pattern: Spanned {
                                    node: Constructor {
                                        name: "Msg::UnitDied",
                                        args: [
                                            Spanned {
                                                node: Var(
                                                    "killer",
                                                ),
                                                span: Span {
                                                    start: 215,
                                                    end: 221,
                                                },
                                            },
                                            Spanned {
                                                node: Var(
                                                    "bounty",
                                                ),
                                                span: Span {
                                                    start: 223,
                                                    end: 229,
                                                },
                                            },
                                        ],
                                    },
                                    span: Span {
                                        start: 201,
                                        end: 230,
                                    },
                                },
                                guard: None,
                                body: Spanned {
                                    node: Tuple(
                                        [
                                            Spanned {
                                                node: Var(
                                                    "model",
                                                ),
                                                span: Span {
                                                    start: 236,
                                                    end: 241,
                                                },
                                            },
                                            Spanned {
                                                node: List(
                                                    [],
                                                ),
                                                span: Span {
                                                    start: 243,
                                                    end: 245,
                                                },
                                            },
                                        ],
                                    ),
                                    span: Span {
                                        start: 234,
                                        end: 246,
                                    },
                                },
                                span: Span {
                                    start: 201,
                                    end: 246,
                                },
                            },
                        ],
                    },
                    span: Span {
                        start: 142,
                        end: 254,
                    },
                },
                span: Span {
                    start: 77,
                    end: 254,
                },
            },
        ),
    ],
}
