---
source: src/parser.rs
expression: "parse_expr_str(\"Model { ..old, wave: 5 }\")"
---
Spanned {
    node: RecordUpdate {
        name: "Model",
        base: Spanned {
            node: Var(
                "old",
            ),
            span: Span {
                start: 10,
                end: 13,
            },
        },
        updates: [
            (
                "wave",
                Spanned {
                    node: Int(
                        5,
                    ),
                    span: Span {
                        start: 21,
                        end: 22,
                    },
                },
            ),
        ],
    },
    span: Span {
        start: 0,
        end: 24,
    },
}
