---
source: src/codegen_tests.rs
expression: output
---
-- ========== Glass Elm Runtime ==========

local glass_model = nil
local glass_timer_ht = nil
local glass_multiboard = nil
local glass_active_subs = {}

function glass_exec_effect(fx)
    if fx.tag == glass_TAG_Effect_After then
        local trig = CreateTrigger()
        local cb = fx.callback
        TriggerRegisterTimerEvent(trig, fx.duration, false)
        TriggerAddAction(trig, function()
            local msg = cb()
            glass_send_msg(msg)
        end)
    elseif fx.tag == glass_TAG_Effect_DisplayText then
        DisplayTimedTextToPlayer(Player(fx.player_id), 0, 0, fx.duration, fx.text)
    elseif fx.tag == glass_TAG_Effect_DamageUnit then
        UnitDamageTarget(fx.source, fx.target, fx.amount, true, false, ConvertAttackType(fx.attack_type), ConvertDamageType(fx.damage_type), WEAPON_TYPE_WHOKNOWS)
    elseif fx.tag == glass_TAG_Effect_CreateUnit then
        local u = CreateUnit(Player(fx.owner), fx.type_id, fx.x, fx.y, fx.facing)
        u = nil
    elseif fx.tag == glass_TAG_Effect_RemoveUnit then
        RemoveUnit(fx.unit)
    elseif fx.tag == glass_TAG_Effect_MoveUnit then
        SetUnitPosition(fx.unit, fx.x, fx.y)
    elseif fx.tag == glass_TAG_Effect_PlayAnimation then
        SetUnitAnimation(fx.unit, fx.anim)
    elseif fx.tag == glass_TAG_Effect_AddAbility then
        UnitAddAbility(fx.unit, fx.ability_id)
    elseif fx.tag == glass_TAG_Effect_AddSfx then
        DestroyEffect(AddSpecialEffect(fx.model, fx.x, fx.y))
    elseif fx.tag == glass_TAG_Effect_SetUnitHp then
        SetUnitState(fx.unit, UNIT_STATE_LIFE, fx.hp)
    elseif fx.tag == glass_TAG_Effect_SetUnitMana then
        SetUnitState(fx.unit, UNIT_STATE_MANA, fx.mana)
    elseif fx.tag == glass_TAG_Effect_PanCamera then
        if GetLocalPlayer() == Player(fx.player_id) then
            PanCameraTo(fx.x, fx.y)
        end
    elseif fx.tag == glass_TAG_Effect_ShowFloatingText then
        local tt = CreateTextTag()
        SetTextTagText(tt, fx.text, fx.size)
        SetTextTagPos(tt, fx.x, fx.y, 0.0)
        SetTextTagLifespan(tt, 3.0)
        SetTextTagPermanent(tt, false)
        SetTextTagVelocity(tt, 0.0, 0.04)
    elseif fx.tag == glass_TAG_Effect_PlaySound then
        local snd = CreateSound(fx.path, false, false, false, 10, 10, "DefaultEAXON")
        SetSoundVolume(snd, 127)
        StartSound(snd)
        KillSoundWhenDone(snd)
    elseif fx.tag == glass_TAG_Effect_FindNearestEnemy then
        local g = CreateGroup()
        GroupEnumUnitsInRange(g, fx.x, fx.y, fx.radius, nil)
        local best = FirstOfGroup(g)
        DestroyGroup(g)
        if best ~= nil then
            local msg = fx.callback(best)
            glass_send_msg(msg)
        end
    elseif fx.tag == glass_TAG_Effect_CreateUnitCallback then
        local u = CreateUnit(Player(fx.owner), fx.type_id, fx.x, fx.y, fx.facing)
        local msg = fx.callback(u)
        glass_send_msg(msg)
    elseif fx.tag == glass_TAG_Effect_GiveGold then
        SetPlayerState(Player(fx.player_id), PLAYER_STATE_RESOURCE_GOLD, GetPlayerState(Player(fx.player_id), PLAYER_STATE_RESOURCE_GOLD) + fx.gold_amount)
    elseif fx.tag == glass_TAG_Effect_GiveLumber then
        SetPlayerState(Player(fx.player_id), PLAYER_STATE_RESOURCE_LUMBER, GetPlayerState(Player(fx.player_id), PLAYER_STATE_RESOURCE_LUMBER) + fx.lumber_amount)
    elseif fx.tag == glass_TAG_Effect_KillUnit then
        KillUnit(fx.unit)
    elseif fx.tag == glass_TAG_Effect_RemoveAbility then
        UnitRemoveAbility(fx.unit, fx.ability_id)
    elseif fx.tag == glass_TAG_Effect_SetUnitOwner then
        SetUnitOwner(fx.unit, Player(fx.player_id), true)
    elseif fx.tag == glass_TAG_Effect_PauseUnit then
        PauseUnit(fx.unit, fx.paused)
    elseif fx.tag == glass_TAG_Effect_ShowUnit then
        ShowUnit(fx.unit, fx.shown)
    elseif fx.tag == glass_TAG_Effect_SetInvulnerable then
        SetUnitInvulnerable(fx.unit, fx.invulnerable)
    elseif fx.tag == glass_TAG_Effect_IssueOrder then
        IssueImmediateOrder(fx.unit, fx.order)
    elseif fx.tag == glass_TAG_Effect_IssuePointOrder then
        IssuePointOrder(fx.unit, fx.order, fx.x, fx.y)
    elseif fx.tag == glass_TAG_Effect_IssueTargetOrder then
        IssueTargetOrder(fx.unit, fx.order, fx.target)
    elseif fx.tag == glass_TAG_Effect_AddSfxTarget then
        DestroyEffect(AddSpecialEffectTarget(fx.model, fx.unit, fx.attach_point))
    elseif fx.tag == glass_TAG_Effect_ReviveHero then
        ReviveHero(fx.unit, fx.x, fx.y, true)
    elseif fx.tag == glass_TAG_Effect_AddHeroXp then
        AddHeroXP(fx.unit, fx.xp, true)
    elseif fx.tag == glass_TAG_Effect_SetUnitFacing then
        SetUnitFacing(fx.unit, fx.facing)
    elseif fx.tag == glass_TAG_Effect_PingMinimap then
        PingMinimap(fx.x, fx.y, fx.duration)
    elseif fx.tag == glass_TAG_Effect_CreateItem then
        CreateItem(fx.item_type_id, fx.x, fx.y)
    elseif fx.tag == glass_TAG_Effect_SetUnitMoveSpeed then
        SetUnitMoveSpeed(fx.unit, fx.speed)
    elseif fx.tag == glass_TAG_Effect_ForUnitsInRange then
        local g = CreateGroup()
        GroupEnumUnitsInRange(g, fx.x, fx.y, fx.radius, nil)
        local u = FirstOfGroup(g)
        while u ~= nil do
            local msg = fx.callback(u)
            glass_send_msg(msg)
            GroupRemoveUnit(g, u)
            u = FirstOfGroup(g)
        end
        DestroyGroup(g)
    elseif fx.tag == glass_TAG_Effect_UpdateBoard then
        local row_count = 0
        local cur = fx.rows
        while cur ~= nil do row_count = row_count + 1; cur = cur.tail end
        if glass_multiboard == nil then
            glass_multiboard = CreateMultiboard()
        end
        MultiboardSetColumnCount(glass_multiboard, 2)
        MultiboardSetRowCount(glass_multiboard, row_count)
        MultiboardSetTitleText(glass_multiboard, fx.title)
        MultiboardDisplay(glass_multiboard, true)
        cur = fx.rows
        local ri = 0
        while cur ~= nil do
            local r = cur.head
            local mbi0 = MultiboardGetItem(glass_multiboard, ri, 0)
            MultiboardSetItemValue(mbi0, r.label)
            MultiboardSetItemWidth(mbi0, 0.10)
            MultiboardReleaseItem(mbi0)
            local mbi1 = MultiboardGetItem(glass_multiboard, ri, 1)
            MultiboardSetItemValue(mbi1, r.value)
            MultiboardSetItemWidth(mbi1, 0.08)
            MultiboardReleaseItem(mbi1)
            ri = ri + 1
            cur = cur.tail
        end
    end
end

function glass_process_effects(effect_list)
    local current = effect_list
    while current ~= nil do
        glass_exec_effect(current.head)
        current = current.tail
    end
end

function glass_send_msg(msg)
    local result = glass_update(glass_model, msg)
    glass_model = result[1]
    glass_process_effects(result[2])
    glass_reconcile_subs(glass_subscriptions(glass_model))
end

function glass_register_one_sub(sub, key)
    local handler = sub.handler
    if sub.tag == glass_TAG_Subscription_OnAttack then
        local t = CreateTrigger()
        for i = 0, bj_MAX_PLAYER_SLOTS - 1 do
            TriggerRegisterPlayerUnitEvent(t, Player(i), EVENT_PLAYER_UNIT_ATTACKED, nil)
        end
        TriggerAddAction(t, function()
            glass_send_msg(handler(GetAttacker(), GetTriggerUnit()))
        end)
        glass_active_subs[key] = { handle = t, kind = "trigger" }
    elseif sub.tag == glass_TAG_Subscription_OnDeath then
        local t = CreateTrigger()
        for i = 0, bj_MAX_PLAYER_SLOTS - 1 do
            TriggerRegisterPlayerUnitEvent(t, Player(i), EVENT_PLAYER_UNIT_DEATH, nil)
        end
        TriggerAddAction(t, function()
            glass_send_msg(handler(GetTriggerUnit(), GetKillingUnit()))
        end)
        glass_active_subs[key] = { handle = t, kind = "trigger" }
    elseif sub.tag == glass_TAG_Subscription_OnTimer then
        local t = CreateTimer()
        TimerStart(t, sub.interval, true, function()
            glass_send_msg(handler())
        end)
        glass_active_subs[key] = { handle = t, kind = "timer" }
    elseif sub.tag == glass_TAG_Subscription_OnSpellEffect then
        local t = CreateTrigger()
        for i = 0, bj_MAX_PLAYER_SLOTS - 1 do
            TriggerRegisterPlayerUnitEvent(t, Player(i), EVENT_PLAYER_UNIT_SPELL_EFFECT, nil)
        end
        TriggerAddAction(t, function()
            glass_send_msg(handler(GetTriggerUnit(), GetSpellAbilityId(), GetSpellTargetUnit()))
        end)
        glass_active_subs[key] = { handle = t, kind = "trigger" }
    elseif sub.tag == glass_TAG_Subscription_OnItemPickup then
        local t = CreateTrigger()
        for i = 0, bj_MAX_PLAYER_SLOTS - 1 do
            TriggerRegisterPlayerUnitEvent(t, Player(i), EVENT_PLAYER_UNIT_PICKUP_ITEM, nil)
        end
        TriggerAddAction(t, function()
            glass_send_msg(handler(GetTriggerUnit(), GetItemTypeId(GetManipulatedItem())))
        end)
        glass_active_subs[key] = { handle = t, kind = "trigger" }
    elseif sub.tag == glass_TAG_Subscription_OnSpellCast then
        local t = CreateTrigger()
        for i = 0, bj_MAX_PLAYER_SLOTS - 1 do
            TriggerRegisterPlayerUnitEvent(t, Player(i), EVENT_PLAYER_UNIT_SPELL_CAST, nil)
        end
        TriggerAddAction(t, function()
            glass_send_msg(handler(GetTriggerUnit(), GetSpellAbilityId()))
        end)
        glass_active_subs[key] = { handle = t, kind = "trigger" }
    elseif sub.tag == glass_TAG_Subscription_OnSpellChannel then
        local t = CreateTrigger()
        for i = 0, bj_MAX_PLAYER_SLOTS - 1 do
            TriggerRegisterPlayerUnitEvent(t, Player(i), EVENT_PLAYER_UNIT_SPELL_CHANNEL, nil)
        end
        TriggerAddAction(t, function()
            glass_send_msg(handler(GetTriggerUnit(), GetSpellAbilityId()))
        end)
        glass_active_subs[key] = { handle = t, kind = "trigger" }
    elseif sub.tag == glass_TAG_Subscription_OnDamage then
        local t = CreateTrigger()
        for i = 0, bj_MAX_PLAYER_SLOTS - 1 do
            TriggerRegisterPlayerUnitEvent(t, Player(i), EVENT_PLAYER_UNIT_DAMAGED, nil)
        end
        TriggerAddAction(t, function()
            glass_send_msg(handler(GetEventDamageSource(), GetTriggerUnit(), GetEventDamage()))
        end)
        glass_active_subs[key] = { handle = t, kind = "trigger" }
    elseif sub.tag == glass_TAG_Subscription_OnItemUse then
        local t = CreateTrigger()
        for i = 0, bj_MAX_PLAYER_SLOTS - 1 do
            TriggerRegisterPlayerUnitEvent(t, Player(i), EVENT_PLAYER_UNIT_USE_ITEM, nil)
        end
        TriggerAddAction(t, function()
            glass_send_msg(handler(GetTriggerUnit(), GetItemTypeId(GetManipulatedItem())))
        end)
        glass_active_subs[key] = { handle = t, kind = "trigger" }
    elseif sub.tag == glass_TAG_Subscription_OnItemDrop then
        local t = CreateTrigger()
        for i = 0, bj_MAX_PLAYER_SLOTS - 1 do
            TriggerRegisterPlayerUnitEvent(t, Player(i), EVENT_PLAYER_UNIT_DROP_ITEM, nil)
        end
        TriggerAddAction(t, function()
            glass_send_msg(handler(GetTriggerUnit(), GetItemTypeId(GetManipulatedItem())))
        end)
        glass_active_subs[key] = { handle = t, kind = "trigger" }
    elseif sub.tag == glass_TAG_Subscription_OnChat then
        local t = CreateTrigger()
        for i = 0, bj_MAX_PLAYER_SLOTS - 1 do
            TriggerRegisterPlayerChatEvent(t, Player(i), "", false)
        end
        TriggerAddAction(t, function()
            glass_send_msg(handler(GetPlayerId(GetTriggerPlayer()), GetEventPlayerChatString()))
        end)
        glass_active_subs[key] = { handle = t, kind = "trigger" }
    elseif sub.tag == glass_TAG_Subscription_OnPlayerLeave then
        local t = CreateTrigger()
        for i = 0, bj_MAX_PLAYER_SLOTS - 1 do
            TriggerRegisterPlayerEvent(t, Player(i), EVENT_PLAYER_LEAVE)
        end
        TriggerAddAction(t, function()
            glass_send_msg(handler(GetPlayerId(GetTriggerPlayer())))
        end)
        glass_active_subs[key] = { handle = t, kind = "trigger" }
    elseif sub.tag == glass_TAG_Subscription_OnHeroLevelUp then
        local t = CreateTrigger()
        for i = 0, bj_MAX_PLAYER_SLOTS - 1 do
            TriggerRegisterPlayerUnitEvent(t, Player(i), EVENT_PLAYER_HERO_LEVEL, nil)
        end
        TriggerAddAction(t, function()
            glass_send_msg(handler(GetTriggerUnit()))
        end)
        glass_active_subs[key] = { handle = t, kind = "trigger" }
    elseif sub.tag == glass_TAG_Subscription_OnConstructionFinish then
        local t = CreateTrigger()
        for i = 0, bj_MAX_PLAYER_SLOTS - 1 do
            TriggerRegisterPlayerUnitEvent(t, Player(i), EVENT_PLAYER_UNIT_CONSTRUCT_FINISH, nil)
        end
        TriggerAddAction(t, function()
            glass_send_msg(handler(GetTriggerUnit()))
        end)
        glass_active_subs[key] = { handle = t, kind = "trigger" }
    elseif sub.tag == glass_TAG_Subscription_OnSpellGround then
        local t = CreateTrigger()
        for i = 0, bj_MAX_PLAYER_SLOTS - 1 do
            TriggerRegisterPlayerUnitEvent(t, Player(i), EVENT_PLAYER_UNIT_SPELL_EFFECT, nil)
        end
        TriggerAddAction(t, function()
            glass_send_msg(handler(GetTriggerUnit(), GetSpellAbilityId(), GetSpellTargetX(), GetSpellTargetY()))
        end)
        glass_active_subs[key] = { handle = t, kind = "trigger" }
    elseif sub.tag == glass_TAG_Subscription_OnSummon then
        local t = CreateTrigger()
        for i = 0, bj_MAX_PLAYER_SLOTS - 1 do
            TriggerRegisterPlayerUnitEvent(t, Player(i), EVENT_PLAYER_UNIT_SUMMON, nil)
        end
        TriggerAddAction(t, function()
            glass_send_msg(handler(GetTriggerUnit(), GetSummonedUnit()))
        end)
        glass_active_subs[key] = { handle = t, kind = "trigger" }
    elseif sub.tag == glass_TAG_Subscription_OnUnitSold then
        local t = CreateTrigger()
        for i = 0, bj_MAX_PLAYER_SLOTS - 1 do
            TriggerRegisterPlayerUnitEvent(t, Player(i), EVENT_PLAYER_UNIT_SELL, nil)
        end
        TriggerAddAction(t, function()
            glass_send_msg(handler(GetTriggerUnit(), GetSoldUnit()))
        end)
        glass_active_subs[key] = { handle = t, kind = "trigger" }
    elseif sub.tag == glass_TAG_Subscription_OnItemSold then
        local t = CreateTrigger()
        for i = 0, bj_MAX_PLAYER_SLOTS - 1 do
            TriggerRegisterPlayerUnitEvent(t, Player(i), EVENT_PLAYER_UNIT_SELL_ITEM, nil)
        end
        TriggerAddAction(t, function()
            glass_send_msg(handler(GetTriggerUnit(), GetItemTypeId(GetSoldItem())))
        end)
        glass_active_subs[key] = { handle = t, kind = "trigger" }
    elseif sub.tag == glass_TAG_Subscription_OnUnitTrained then
        local t = CreateTrigger()
        for i = 0, bj_MAX_PLAYER_SLOTS - 1 do
            TriggerRegisterPlayerUnitEvent(t, Player(i), EVENT_PLAYER_UNIT_TRAIN_FINISH, nil)
        end
        TriggerAddAction(t, function()
            glass_send_msg(handler(GetTriggerUnit(), GetTrainedUnit()))
        end)
        glass_active_subs[key] = { handle = t, kind = "trigger" }
    elseif sub.tag == glass_TAG_Subscription_OnResearchFinish then
        local t = CreateTrigger()
        for i = 0, bj_MAX_PLAYER_SLOTS - 1 do
            TriggerRegisterPlayerUnitEvent(t, Player(i), EVENT_PLAYER_UNIT_RESEARCH_FINISH, nil)
        end
        TriggerAddAction(t, function()
            glass_send_msg(handler(GetTriggerUnit(), GetResearched()))
        end)
        glass_active_subs[key] = { handle = t, kind = "trigger" }
    elseif sub.tag == glass_TAG_Subscription_OnConstructionStart then
        local t = CreateTrigger()
        for i = 0, bj_MAX_PLAYER_SLOTS - 1 do
            TriggerRegisterPlayerUnitEvent(t, Player(i), EVENT_PLAYER_UNIT_CONSTRUCT_START, nil)
        end
        TriggerAddAction(t, function()
            glass_send_msg(handler(GetTriggerUnit()))
        end)
        glass_active_subs[key] = { handle = t, kind = "trigger" }
    elseif sub.tag == glass_TAG_Subscription_OnSpellFinish then
        local t = CreateTrigger()
        for i = 0, bj_MAX_PLAYER_SLOTS - 1 do
            TriggerRegisterPlayerUnitEvent(t, Player(i), EVENT_PLAYER_UNIT_SPELL_FINISH, nil)
        end
        TriggerAddAction(t, function()
            glass_send_msg(handler(GetTriggerUnit(), GetSpellAbilityId()))
        end)
        glass_active_subs[key] = { handle = t, kind = "trigger" }
    elseif sub.tag == glass_TAG_Subscription_OnOrderIssued then
        local t = CreateTrigger()
        for i = 0, bj_MAX_PLAYER_SLOTS - 1 do
            TriggerRegisterPlayerUnitEvent(t, Player(i), EVENT_PLAYER_UNIT_ISSUED_ORDER, nil)
        end
        TriggerAddAction(t, function()
            glass_send_msg(handler(GetTriggerUnit(), GetIssuedOrderId()))
        end)
        glass_active_subs[key] = { handle = t, kind = "trigger" }
    end
end

function glass_unregister_one_sub(key)
    local entry = glass_active_subs[key]
    if entry ~= nil then
        if entry.kind == "timer" then
            PauseTimer(entry.handle)
            DestroyTimer(entry.handle)
        else
            DisableTrigger(entry.handle)
            DestroyTrigger(entry.handle)
        end
        glass_active_subs[key] = nil
    end
end

function glass_reconcile_subs(new_subs)
    local new_keys = {}
    local current = new_subs
    local idx = 0
    while current ~= nil do
        local sub = current.head
        local key = tostring(sub.tag) .. "_" .. tostring(idx)
        new_keys[key] = sub
        idx = idx + 1
        current = current.tail
    end
    for key, _ in pairs(glass_active_subs) do
        if new_keys[key] == nil then
            glass_unregister_one_sub(key)
        end
    end
    for key, sub in pairs(new_keys) do
        if glass_active_subs[key] == nil then
            glass_register_one_sub(sub, key)
        end
    end
end

function glass_runtime_init()
    glass_timer_ht = InitHashtable()
    local result = glass_init()
    glass_model = result[1]
    glass_process_effects(result[2])
    glass_reconcile_subs(glass_subscriptions(glass_model))
end

do
    local t = CreateTrigger()
    TriggerRegisterTimerEvent(t, 0.00, false)
    TriggerAddAction(t, glass_runtime_init)
end
