---
source: src/codegen_tests.rs
expression: output
---
-- ========== Glass Elm Runtime ==========

local glass_model = nil
local glass_timer_ht = nil
local glass_multiboard = nil

function glass_exec_effect(fx)
end

function glass_process_effects(effect_list)
    local current = effect_list
    while current ~= nil do
        glass_exec_effect(current.head)
        current = current.tail
    end
end

function glass_send_msg(msg)
    local result = glass_update(glass_model, msg)
    glass_model = result[1]
    glass_process_effects(result[2])
end

function glass_runtime_init()
    glass_timer_ht = InitHashtable()
    local result = glass_init()
    glass_model = result[1]
    glass_process_effects(result[2])
end

do
    local t = CreateTrigger()
    TriggerRegisterTimerEvent(t, 0.00, false)
    TriggerAddAction(t, glass_runtime_init)
end
