---
source: src/codegen.rs
expression: "compile(\"fn test(h: Unit) -> Bool { h.is_alive() }\")"
---
function glass_dispatch_void takes integer glass_closure returns integer
    return 0
endfunction

function glass_test takes unit h returns boolean
    set h = null
    return glass_is_alive()
endfunction
