---
source: src/runtime.rs
expression: "globals.join(\"\\n\")"
---
    // ========== Glass Elm Runtime ==========
    integer glass_model = 0
    integer glass_msg_tag = 0
    integer glass_msg_p0 = 0
    integer glass_msg_p1 = 0
    integer glass_msg_p2 = 0
    integer glass_msg_p3 = 0
    hashtable glass_timer_ht = null
